<?xml version="1.0" encoding="utf-8"?><testsuites><testsuite name="pytest" errors="0" failures="0" skipped="0" tests="2" time="0.628" timestamp="2024-05-29T23:00:13.080193" hostname="EndeavourOS"><testcase classname="tests.test_get_new_file_path" name="test_get_new_file_path_positive" time="0.002" /><testcase classname="tests.test_get_new_file_path" name="test_get_new_file_path_positive_exact_file_path" time="0.001" /></testsuite></testsuites>